// Jest Snapshot v1, https://goo.gl/fbAQLP

exports[`Description Form Component renders the form correctly 1`] = `
<div
  className="form-group"
>
  <label
    className="form-label"
  >
    
  </label>
  <input
    className="form-control"
    disabled={false}
    name=""
    placeholder="Enter "
    required={true}
    rows="1"
    style={
      Object {
        "padding": 0,
      }
    }
  />
</div>
`;
