// Jest Snapshot v1, https://goo.gl/fbAQLP

exports[`Description Form Component renders the form correctly 1`] = `
<div
  className="form-group"
>
  <label
    className="form-label"
  >
    
  </label>
  <textarea
    className="form-control"
    disabled={false}
    onChange={[Function]}
    placeholder=""
    required={true}
    value=""
  />
</div>
`;
